// Vitest Snapshot v1, https://vitest.dev/guide/snapshot.html

exports[`test vueTags > should render correctly 1`] = `
{
  "baseElement": <body>
    <div>
      <div
        class="grid gap-sm"
      >
        <!---->
        <div
          class="flex gap-2"
        >
          <div
            class="flex"
          >
            
            <div>
              <div
                class="ml-2 bg-blue-400 text-white px-1.5 py-2 rounded"
              >
                <span
                  class="mr-2"
                >
                  Thailand
                </span>
                <span
                  class="cursor-pointer"
                >
                  x
                </span>
              </div>
            </div>
            <div>
              <div
                class="ml-2 bg-blue-400 text-white px-1.5 py-2 rounded"
              >
                <span
                  class="mr-2"
                >
                  India
                </span>
                <span
                  class="cursor-pointer"
                >
                  x
                </span>
              </div>
            </div>
            <div>
              <div
                class="ml-2 bg-blue-400 text-white px-1.5 py-2 rounded"
              >
                <span
                  class="mr-2"
                >
                  Vietnam
                </span>
                <span
                  class="cursor-pointer"
                >
                  x
                </span>
              </div>
            </div>
            <div>
              <div
                class="ml-2 bg-blue-400 text-white px-1.5 py-2 rounded"
              >
                <span
                  class="mr-2"
                >
                  Turkey
                </span>
                <span
                  class="cursor-pointer"
                >
                  x
                </span>
              </div>
            </div>
            
          </div>
          <!---->
        </div>
        <!---->
      </div>
    </div>
  </body>,
  "container": <div>
    <div
      class="grid gap-sm"
    >
      <!---->
      <div
        class="flex gap-2"
      >
        <div
          class="flex"
        >
          
          <div>
            <div
              class="ml-2 bg-blue-400 text-white px-1.5 py-2 rounded"
            >
              <span
                class="mr-2"
              >
                Thailand
              </span>
              <span
                class="cursor-pointer"
              >
                x
              </span>
            </div>
          </div>
          <div>
            <div
              class="ml-2 bg-blue-400 text-white px-1.5 py-2 rounded"
            >
              <span
                class="mr-2"
              >
                India
              </span>
              <span
                class="cursor-pointer"
              >
                x
              </span>
            </div>
          </div>
          <div>
            <div
              class="ml-2 bg-blue-400 text-white px-1.5 py-2 rounded"
            >
              <span
                class="mr-2"
              >
                Vietnam
              </span>
              <span
                class="cursor-pointer"
              >
                x
              </span>
            </div>
          </div>
          <div>
            <div
              class="ml-2 bg-blue-400 text-white px-1.5 py-2 rounded"
            >
              <span
                class="mr-2"
              >
                Turkey
              </span>
              <span
                class="cursor-pointer"
              >
                x
              </span>
            </div>
          </div>
          
        </div>
        <!---->
      </div>
      <!---->
    </div>
  </div>,
  "debug": [Function],
  "emitted": [Function],
  "findAllByAltText": [Function],
  "findAllByDisplayValue": [Function],
  "findAllByLabelText": [Function],
  "findAllByPlaceholderText": [Function],
  "findAllByRole": [Function],
  "findAllByTestId": [Function],
  "findAllByText": [Function],
  "findAllByTitle": [Function],
  "findByAltText": [Function],
  "findByDisplayValue": [Function],
  "findByLabelText": [Function],
  "findByPlaceholderText": [Function],
  "findByRole": [Function],
  "findByTestId": [Function],
  "findByText": [Function],
  "findByTitle": [Function],
  "getAllByAltText": [Function],
  "getAllByDisplayValue": [Function],
  "getAllByLabelText": [Function],
  "getAllByPlaceholderText": [Function],
  "getAllByRole": [Function],
  "getAllByTestId": [Function],
  "getAllByText": [Function],
  "getAllByTitle": [Function],
  "getByAltText": [Function],
  "getByDisplayValue": [Function],
  "getByLabelText": [Function],
  "getByPlaceholderText": [Function],
  "getByRole": [Function],
  "getByTestId": [Function],
  "getByText": [Function],
  "getByTitle": [Function],
  "html": [Function],
  "queryAllByAltText": [Function],
  "queryAllByDisplayValue": [Function],
  "queryAllByLabelText": [Function],
  "queryAllByPlaceholderText": [Function],
  "queryAllByRole": [Function],
  "queryAllByTestId": [Function],
  "queryAllByText": [Function],
  "queryAllByTitle": [Function],
  "queryByAltText": [Function],
  "queryByDisplayValue": [Function],
  "queryByLabelText": [Function],
  "queryByPlaceholderText": [Function],
  "queryByRole": [Function],
  "queryByTestId": [Function],
  "queryByText": [Function],
  "queryByTitle": [Function],
  "rerender": [Function],
  "unmount": [Function],
}
`;
